DEBUG:root:8
DEBUG:root:2
DEBUG:root:15
DEBUG:root:1.6666666666666667
DEBUG:root:30
DEBUG:root:20
DEBUG:root:125
DEBUG:root:5.0
2020-12-12 16:16:05,404:DEBUG30
2020-12-12 16:16:05,405:DEBUG20
2020-12-12 16:16:05,405:DEBUG125
2020-12-12 16:16:05,405:DEBUG5.0
2020-12-12 16:16:52,721:DEBUG:30
2020-12-12 16:16:52,722:DEBUG:20
2020-12-12 16:16:52,723:DEBUG:125
2020-12-12 16:16:52,723:DEBUG:5.0
